// Jest Snapshot v1, https://goo.gl/fbAQLP

exports[`407 | snapshots 1`] = `
Array [
  Object {
    "my_array": Array [
      "fly",
    ],
    "name": "Superman",
  },
  Object {
    "my_array": Array [
      "fly",
    ],
    "name": "Apogee",
  },
]
`;
